[    0.000000] Linux version 4.15.0-213-generic (buildd@lcy02-amd64-079) (gcc version 7.5.0 (Ubuntu 7.5.0-3ubuntu1~18.04)) #224-Ubuntu SMP Mon Jun 19 13:30:12 UTC 2023 (Ubuntu 4.15.0-213.224-generic 4.15.18)
[    0.000000] Command line: BOOT_IMAGE=/boot/vmlinuz-4.15.0-213-generic root=UUID=f685bb41-0e3b-40c4-89c1-eea0f0583525 ro console=tty1 console=ttyS0
[    0.000000] KERNEL supported cpus:
[    0.000000]   Intel GenuineIntel
[    0.000000]   AMD AuthenticAMD
[    0.000000]   Centaur CentaurHauls
[    0.000000] x86/fpu: Supporting XSAVE feature 0x001: 'x87 floating point registers'
[    0.000000] x86/fpu: Supporting XSAVE feature 0x002: 'SSE registers'
[    0.000000] x86/fpu: Supporting XSAVE feature 0x004: 'AVX registers'
[    0.000000] x86/fpu: xstate_offset[2]:  576, xstate_sizes[2]:  256
[    0.000000] x86/fpu: Enabled xstate features 0x7, context size is 832 bytes, using 'standard' format.
[    0.000000] e820: BIOS-provided physical RAM map:
[    0.000000] BIOS-e820: [mem 0x0000000000000000-0x000000000009fbff] usable
[    0.000000] BIOS-e820: [mem 0x000000000009fc00-0x000000000009ffff] reserved
[    0.000000] BIOS-e820: [mem 0x00000000000f0000-0x00000000000fffff] reserved
[    0.000000] BIOS-e820: [mem 0x0000000000100000-0x000000003ffeffff] usable
[    0.000000] BIOS-e820: [mem 0x000000003fff0000-0x000000003fffffff] ACPI data
[    0.000000] BIOS-e820: [mem 0x00000000fec00000-0x00000000fec00fff] reserved
[    0.000000] BIOS-e820: [mem 0x00000000fee00000-0x00000000fee00fff] reserved
[    0.000000] BIOS-e820: [mem 0x00000000fffc0000-0x00000000ffffffff] reserved
[    0.000000] NX (Execute Disable) protection: active
[    0.000000] SMBIOS 2.5 present.
[    0.000000] DMI: innotek GmbH VirtualBox/VirtualBox, BIOS VirtualBox 12/01/2006
[    0.000000] Hypervisor detected: KVM
[    0.000000] e820: last_pfn = 0x3fff0 max_arch_pfn = 0x400000000
[    0.000000] MTRR: Disabled
[    0.000000] x86/PAT: MTRRs disabled, skipping PAT initialization too.
[    0.000000] CPU MTRRs all blank - virtualized system.
[    0.000000] x86/PAT: Configuration [0-7]: WB  WT  UC- UC  WB  WT  UC- UC  
[    0.000000] found SMP MP-table at [mem 0x0009fff0-0x0009ffff]
[    0.000000] Scanning 1 areas for low memory corruption
[    0.000000] RAMDISK: [mem 0x35819000-0x36c03fff]
[    0.000000] ACPI: Early table checksum verification disabled
[    0.000000] ACPI: RSDP 0x00000000000E0000 000024 (v02 VBOX  )
[    0.000000] ACPI: XSDT 0x000000003FFF0030 00003C (v01 VBOX   VBOXXSDT 00000001 ASL  00000061)
[    0.000000] ACPI: FACP 0x000000003FFF00F0 0000F4 (v04 VBOX   VBOXFACP 00000001 ASL  00000061)
[    0.000000] ACPI: DSDT 0x000000003FFF0610 002353 (v02 VBOX   VBOXBIOS 00000002 INTL 20100528)
[    0.000000] ACPI: FACS 0x000000003FFF0200 000040
[    0.000000] ACPI: FACS 0x000000003FFF0200 000040
[    0.000000] ACPI: APIC 0x000000003FFF0240 00005C (v02 VBOX   VBOXAPIC 00000001 ASL  00000061)
[    0.000000] ACPI: SSDT 0x000000003FFF02A0 00036C (v01 VBOX   VBOXCPUT 00000002 INTL 20100528)
[    0.000000] ACPI: Reserving FACP table memory at [mem 0x3fff00f0-0x3fff01e3]
[    0.000000] ACPI: Reserving DSDT table memory at [mem 0x3fff0610-0x3fff2962]
[    0.000000] ACPI: Reserving FACS table memory at [mem 0x3fff0200-0x3fff023f]
[    0.000000] ACPI: Reserving FACS table memory at [mem 0x3fff0200-0x3fff023f]
[    0.000000] ACPI: Reserving APIC table memory at [mem 0x3fff0240-0x3fff029b]
[    0.000000] ACPI: Reserving SSDT table memory at [mem 0x3fff02a0-0x3fff060b]
[    0.000000] No NUMA configuration found
[    0.000000] Faking a node at [mem 0x0000000000000000-0x000000003ffeffff]
[    0.000000] NODE_DATA(0) allocated [mem 0x3ffc5000-0x3ffeffff]
[    0.000000] kvm-clock: cpu 0, msr 0:3ff44001, primary cpu clock
[    0.000000] kvm-clock: Using msrs 4b564d01 and 4b564d00
[    0.000000] kvm-clock: using sched offset of 4475628190 cycles
[    0.000000] clocksource: kvm-clock: mask: 0xffffffffffffffff max_cycles: 0x1cd42e4dffb, max_idle_ns: 881590591483 ns
[    0.000000] Zone ranges:
[    0.000000]   DMA      [mem 0x0000000000001000-0x0000000000ffffff]
[    0.000000]   DMA32    [mem 0x0000000001000000-0x000000003ffeffff]
[    0.000000]   Normal   empty
[    0.000000]   Device   empty
[    0.000000] Movable zone start for each node
[    0.000000] Early memory node ranges
[    0.000000]   node   0: [mem 0x0000000000001000-0x000000000009efff]
[    0.000000]   node   0: [mem 0x0000000000100000-0x000000003ffeffff]
[    0.000000] Reserved but unavailable: 104 pages
[    0.000000] Initmem setup node 0 [mem 0x0000000000001000-0x000000003ffeffff]
[    0.000000] ACPI: PM-Timer IO Port: 0x4008
[    0.000000] IOAPIC[0]: apic_id 2, version 32, address 0xfec00000, GSI 0-23
[    0.000000] ACPI: INT_SRC_OVR (bus 0 bus_irq 0 global_irq 2 dfl dfl)
[    0.000000] ACPI: INT_SRC_OVR (bus 0 bus_irq 9 global_irq 9 low level)
[    0.000000] Using ACPI (MADT) for SMP configuration information
[    0.000000] smpboot: Allowing 2 CPUs, 0 hotplug CPUs
[    0.000000] PM: Registered nosave memory: [mem 0x00000000-0x00000fff]
[    0.000000] PM: Registered nosave memory: [mem 0x0009f000-0x0009ffff]
[    0.000000] PM: Registered nosave memory: [mem 0x000a0000-0x000effff]
[    0.000000] PM: Registered nosave memory: [mem 0x000f0000-0x000fffff]
[    0.000000] e820: [mem 0x40000000-0xfebfffff] available for PCI devices
[    0.000000] Booting paravirtualized kernel on KVM
[    0.000000] clocksource: refined-jiffies: mask: 0xffffffff max_cycles: 0xffffffff, max_idle_ns: 7645519600211568 ns
[    0.000000] setup_percpu: NR_CPUS:8192 nr_cpumask_bits:2 nr_cpu_ids:2 nr_node_ids:1
[    0.000000] percpu: Embedded 50 pages/cpu s167936 r8192 d28672 u1048576
[    0.000000] PV qspinlock hash table entries: 256 (order: 0, 4096 bytes)
[    0.000000] Built 1 zonelists, mobility grouping on.  Total pages: 257913
[    0.000000] Policy zone: DMA32
[    0.000000] Kernel command line: BOOT_IMAGE=/boot/vmlinuz-4.15.0-213-generic root=UUID=f685bb41-0e3b-40c4-89c1-eea0f0583525 ro console=tty1 console=ttyS0
[    0.000000] Memory: 981776K/1048120K available (12300K kernel code, 2477K rwdata, 4324K rodata, 2480K init, 2720K bss, 66344K reserved, 0K cma-reserved)
[    0.000000] SLUB: HWalign=64, Order=0-3, MinObjects=0, CPUs=2, Nodes=1
[    0.000000] Kernel/User page tables isolation: enabled
[    0.000000] ftrace: allocating 39508 entries in 155 pages
[    0.004000] Hierarchical RCU implementation.
[    0.004000] 	RCU restricting CPUs from NR_CPUS=8192 to nr_cpu_ids=2.
[    0.004000] 	Tasks RCU enabled.
[    0.004000] RCU: Adjusting geometry for rcu_fanout_leaf=16, nr_cpu_ids=2
[    0.004000] NR_IRQS: 524544, nr_irqs: 440, preallocated irqs: 16
[    0.004000] random: crng init done
[    0.004000] Console: colour VGA+ 80x25
[    0.004000] console [tty1] enabled
[    0.004000] console [ttyS0] enabled
[    0.004000] ACPI: Core revision 20170831
[    0.004000] ACPI: 2 ACPI AML tables successfully acquired and loaded
[    0.004000] APIC: Switch to symmetric I/O mode setup
[    0.004000] x2apic enabled
[    0.004017] Switched APIC routing to physical x2apic.
[    0.012000] ..TIMER: vector=0x30 apic1=0 pin1=2 apic2=-1 pin2=-1
[    0.012014] tsc: Detected 1895.998 MHz processor
[    0.016036] Calibrating delay loop (skipped) preset value.. 3791.99 BogoMIPS (lpj=7583992)
[    0.020011] pid_max: default: 32768 minimum: 301
[    0.024100] Security Framework initialized
[    0.028014] Yama: becoming mindful.
[    0.032081] AppArmor: AppArmor initialized
[    0.036490] Dentry cache hash table entries: 131072 (order: 8, 1048576 bytes)
[    0.040138] Inode-cache hash table entries: 65536 (order: 7, 524288 bytes)
[    0.043465] Mount-cache hash table entries: 2048 (order: 2, 16384 bytes)
[    0.044028] Mountpoint-cache hash table entries: 2048 (order: 2, 16384 bytes)
[    0.052072] Last level iTLB entries: 4KB 64, 2MB 8, 4MB 8
[    0.054730] Last level dTLB entries: 4KB 64, 2MB 0, 4MB 0, 1GB 4
[    0.056016] Spectre V1 : Mitigation: usercopy/swapgs barriers and __user pointer sanitization
[    0.060011] Spectre V2 : Mitigation: Retpolines
[    0.062471] Spectre V2 : Spectre v2 / SpectreRSB mitigation: Filling RSB on context switch
[    0.064012] Spectre V2 : Spectre v2 / SpectreRSB : Filling RSB on VMEXIT
[    0.068010] RETBleed: WARNING: Spectre v2 mitigation leaves CPU vulnerable to RETBleed attacks, data leaks possible!
[    0.072009] RETBleed: Vulnerable
[    0.076007] Speculative Store Bypass: Vulnerable
[    0.078193] MDS: Mitigation: Clear CPU buffers
[    0.080008] MMIO Stale Data: Mitigation: Clear CPU buffers
[    0.082242] SRBDS: Unknown: Dependent on hypervisor status
[    0.084770] Freeing SMP alternatives memory: 36K
[    0.201647] smpboot: CPU0: Intel(R) Core(TM) i5-8350U CPU @ 1.70GHz (family: 0x6, model: 0x8e, stepping: 0xa)
[    0.204275] Performance Events: unsupported p6 CPU model 142 no PMU driver, software events only.
[    0.208123] Hierarchical SRCU implementation.
[    0.212434] NMI watchdog: Perf event create on CPU 0 failed with -2
[    0.215037] NMI watchdog: Perf NMI watchdog permanently disabled
[    0.216212] smp: Bringing up secondary CPUs ...
[    0.218264] x86: Booting SMP configuration:
[    0.220007] .... node  #0, CPUs:      #1
[    0.004000] kvm-clock: cpu 1, msr 0:3ff44041, secondary cpu clock
[    0.227404] smp: Brought up 1 node, 2 CPUs
[    0.228148] smpboot: Max logical packages: 1
[    0.232010] smpboot: Total of 2 processors activated (7583.99 BogoMIPS)
[    0.236282] devtmpfs: initialized
[    0.237715] x86/mm: Memory block size: 128MB
[    0.240298] evm: security.selinux
[    0.241642] evm: security.SMACK64
[    0.244006] evm: security.SMACK64EXEC
[    0.245725] evm: security.SMACK64TRANSMUTE
[    0.248006] evm: security.SMACK64MMAP
[    0.249526] evm: security.apparmor
[    0.251042] evm: security.ima
[    0.252011] evm: security.capability
[    0.256357] clocksource: jiffies: mask: 0xffffffff max_cycles: 0xffffffff, max_idle_ns: 7645041785100000 ns
[    0.260043] futex hash table entries: 512 (order: 3, 32768 bytes)
[    0.264109] pinctrl core: initialized pinctrl subsystem
[    0.272339] RTC time:  2:37:28, date: 07/26/24
[    0.276285] NET: Registered protocol family 16
[    0.278213] audit: initializing netlink subsys (disabled)
[    0.280074] audit: type=2000 audit(1721961454.534:1): state=initialized audit_enabled=0 res=1
[    0.284104] cpuidle: using governor ladder
[    0.286008] cpuidle: using governor menu
[    0.288115] ACPI: bus type PCI registered
[    0.292011] acpiphp: ACPI Hot Plug PCI Controller Driver version: 0.5
[    0.296427] PCI: Using configuration type 1 for base access
[    0.305053] HugeTLB registered 2.00 MiB page size, pre-allocated 0 pages
[    0.308163] ACPI: Added _OSI(Module Device)
[    0.310362] ACPI: Added _OSI(Processor Device)
[    0.312017] ACPI: Added _OSI(3.0 _SCP Extensions)
[    0.316014] ACPI: Added _OSI(Processor Aggregator Device)
[    0.320012] ACPI: Added _OSI(Linux-Dell-Video)
[    0.322372] ACPI: Added _OSI(Linux-Lenovo-NV-HDMI-Audio)
[    0.324017] ACPI: Added _OSI(Linux-HPI-Hybrid-Graphics)
[    0.328833] ACPI: Executed 1 blocks of module-level executable AML code
[    0.346434] ACPI: Interpreter enabled
[    0.348085] ACPI: (supports S0 S5)
[    0.349984] ACPI: Using IOAPIC for interrupt routing
[    0.356530] PCI: Using host bridge windows from ACPI; if necessary, use "pci=nocrs" and report a bug
[    0.360761] ACPI: Enabled 2 GPEs in block 00 to 07
[    0.393907] ACPI: PCI Root Bridge [PCI0] (domain 0000 [bus 00-ff])
[    0.396032] acpi PNP0A03:00: _OSC: OS supports [ASPM ClockPM Segments MSI]
[    0.406043] acpi PNP0A03:00: _OSC: not requesting OS control; OS requires [ExtendedConfig ASPM ClockPM MSI]
[    0.408060] acpi PNP0A03:00: fail to add MMCONFIG information, can't access extended PCI configuration space under this bridge.
[    0.417030] PCI host bridge to bus 0000:00
[    0.420019] pci_bus 0000:00: root bus resource [io  0x0000-0x0cf7 window]
[    0.424039] pci_bus 0000:00: root bus resource [io  0x0d00-0xffff window]
[    0.428028] pci_bus 0000:00: root bus resource [mem 0x000a0000-0x000bffff window]
[    0.432017] pci_bus 0000:00: root bus resource [mem 0x40000000-0xfdffffff window]
[    0.436018] pci_bus 0000:00: root bus resource [bus 00-ff]
[    0.449538] pci 0000:00:01.1: legacy IDE quirk: reg 0x10: [io  0x01f0-0x01f7]
[    0.452011] pci 0000:00:01.1: legacy IDE quirk: reg 0x14: [io  0x03f6]
[    0.454451] pci 0000:00:01.1: legacy IDE quirk: reg 0x18: [io  0x0170-0x0177]
[    0.456007] pci 0000:00:01.1: legacy IDE quirk: reg 0x1c: [io  0x0376]
[    0.498828] pci 0000:00:07.0: quirk: [io  0x4000-0x403f] claimed by PIIX4 ACPI
[    0.500028] pci 0000:00:07.0: quirk: [io  0x4100-0x410f] claimed by PIIX4 SMB
[    0.519139] ACPI: PCI Interrupt Link [LNKA] (IRQs 5 9 10 *11)
[    0.520691] ACPI: PCI Interrupt Link [LNKB] (IRQs 5 9 *10 11)
[    0.524288] ACPI: PCI Interrupt Link [LNKC] (IRQs 5 *9 10 11)
[    0.526895] ACPI: PCI Interrupt Link [LNKD] (IRQs 5 9 10 *11)
[    0.529317] SCSI subsystem initialized
[    0.532125] pci 0000:00:02.0: vgaarb: setting as boot VGA device
[    0.534338] pci 0000:00:02.0: vgaarb: VGA device added: decodes=io+mem,owns=io+mem,locks=none
[    0.536012] pci 0000:00:02.0: vgaarb: bridge control possible
[    0.538425] vgaarb: loaded
[    0.540123] ACPI: bus type USB registered
[    0.542114] usbcore: registered new interface driver usbfs
[    0.544107] usbcore: registered new interface driver hub
[    0.548054] usbcore: registered new device driver usb
[    0.552143] EDAC MC: Ver: 3.0.0
[    0.553923] PCI: Using ACPI for IRQ routing
[    0.556554] NetLabel: Initializing
[    0.557938] NetLabel:  domain hash size = 128
[    0.560008] NetLabel:  protocols = UNLABELED CIPSOv4 CALIPSO
[    0.562312] NetLabel:  unlabeled traffic allowed by default
[    0.564147] clocksource: Switched to clocksource kvm-clock
[    0.600932] VFS: Disk quotas dquot_6.6.0
[    0.602582] VFS: Dquot-cache hash table entries: 512 (order 0, 4096 bytes)
[    0.605358] AppArmor: AppArmor Filesystem Enabled
[    0.607191] pnp: PnP ACPI init
[    0.611850] pnp: PnP ACPI: found 3 devices
[    0.633521] clocksource: acpi_pm: mask: 0xffffff max_cycles: 0xffffff, max_idle_ns: 2085701024 ns
[    0.638941] NET: Registered protocol family 2
[    0.641766] IP idents hash table entries: 16384 (order: 5, 131072 bytes)
[    0.651868] TCP established hash table entries: 8192 (order: 4, 65536 bytes)
[    0.655340] TCP bind hash table entries: 8192 (order: 5, 131072 bytes)
[    0.658637] TCP: Hash tables configured (established 8192 bind 8192)
[    0.661945] UDP hash table entries: 512 (order: 2, 16384 bytes)
[    0.664994] UDP-Lite hash table entries: 512 (order: 2, 16384 bytes)
[    0.668416] NET: Registered protocol family 1
[    0.670778] pci 0000:00:00.0: Limiting direct PCI/PCI transfers
[    0.673584] pci 0000:00:01.0: Activating ISA DMA hang workarounds
[    0.677325] pci 0000:00:02.0: Video device with shadowed ROM at [mem 0x000c0000-0x000dffff]
[    0.681899] Unpacking initramfs...
[    1.486848] Freeing initrd memory: 20396K
[    1.490305] clocksource: tsc: mask: 0xffffffffffffffff max_cycles: 0x36a8cecc844, max_idle_ns: 881590549475 ns
[    1.496298] platform rtc_cmos: registered platform RTC device (no PNP device found)
[    1.500728] Scanning for low memory corruption every 60 seconds
[    1.506409] Initialise system trusted keyrings
[    1.509806] Key type blacklist registered
[    1.512251] workingset: timestamp_bits=36 max_order=18 bucket_order=0
[    1.518942] zbud: loaded
[    1.521654] squashfs: version 4.0 (2009/01/31) Phillip Lougher
[    1.525559] fuse init (API version 7.26)
[    1.533001] Key type asymmetric registered
[    1.534900] Asymmetric key parser 'x509' registered
[    1.537241] Block layer SCSI generic (bsg) driver version 0.4 loaded (major 246)
[    1.541768] io scheduler noop registered
[    1.544213] io scheduler deadline registered
[    1.547345] io scheduler cfq registered (default)
[    1.550848] ACPI: AC Adapter [AC] (off-line)
[    1.554626] input: Power Button as /devices/LNXSYSTM:00/LNXPWRBN:00/input/input0
[    1.559773] ACPI: Power Button [PWRF]
[    1.562427] input: Sleep Button as /devices/LNXSYSTM:00/LNXSLPBN:00/input/input1
[    1.566938] ACPI: Sleep Button [SLPF]
[    1.569893] Serial: 8250/16550 driver, 32 ports, IRQ sharing enabled
[    1.572141] ACPI: Battery Slot [BAT0] (battery present)
[    1.595947] 00:02: ttyS0 at I/O 0x3f8 (irq = 4, base_baud = 115200) is a 16550A
[    1.603803] Linux agpgart interface v0.103
[    1.609723] loop: module loaded
[    1.612817] scsi host0: ata_piix
[    1.614572] scsi host1: ata_piix
[    1.616788] ata1: PATA max UDMA/33 cmd 0x1f0 ctl 0x3f6 bmdma 0xd000 irq 14
[    1.619921] ata2: PATA max UDMA/33 cmd 0x170 ctl 0x376 bmdma 0xd008 irq 15
[    1.623593] tun: Universal TUN/TAP device driver, 1.6
[    1.626362] PPP generic driver version 2.4.2
[    1.629479] ehci_hcd: USB 2.0 'Enhanced' Host Controller (EHCI) Driver
[    1.633382] ehci-pci: EHCI PCI platform driver
[    1.635683] ehci-platform: EHCI generic platform driver
[    1.638426] ohci_hcd: USB 1.1 'Open' Host Controller (OHCI) Driver
[    1.641965] ohci-pci: OHCI PCI platform driver
[    1.644195] ohci-platform: OHCI generic platform driver
[    1.646594] uhci_hcd: USB Universal Host Controller Interface driver
[    1.650652] i8042: PNP: PS/2 Controller [PNP0303:PS2K,PNP0f03:PS2M] at 0x60,0x64 irq 1,12
[    1.656059] serio: i8042 KBD port at 0x60,0x64 irq 1
[    1.658962] serio: i8042 AUX port at 0x60,0x64 irq 12
[    1.661997] mousedev: PS/2 mouse device common for all mice
[    1.665842] input: AT Translated Set 2 keyboard as /devices/platform/i8042/serio0/input/input2
[    1.670676] rtc_cmos rtc_cmos: rtc core: registered rtc_cmos as rtc0
[    1.674300] rtc_cmos rtc_cmos: alarms up to one day, 114 bytes nvram
[    1.677582] i2c /dev entries driver
[    1.678838] device-mapper: uevent: version 1.0.3
[    1.680880] device-mapper: ioctl: 4.37.0-ioctl (2017-09-20) initialised: dm-devel@redhat.com
[    1.690946] ledtrig-cpu: registered to indicate activity on CPUs
[    1.694516] NET: Registered protocol family 10
[    1.701982] Segment Routing with IPv6
[    1.703611] NET: Registered protocol family 17
[    1.705659] Key type dns_resolver registered
[    1.707408] mce: Using 0 MCE banks
[    1.708870] RAS: Correctable Errors collector initialized.
[    1.710739] sched_clock: Marking stable (1708829868, 0)->(2293860568, -585030700)
[    1.713812] registered taskstats version 1
[    1.715192] Loading compiled-in X.509 certificates
[    1.720799] Loaded X.509 cert 'Build time autogenerated kernel key: cdc7189136aaa35407544516090e2034d9c28e14'
[    1.724423] Loaded X.509 cert 'Canonical Ltd. Live Patch Signing: 14df34d1a87cf37625abec039ef2bf521249b969'
[    1.729410] Loaded X.509 cert 'Canonical Ltd. Kernel Module Signing: 88f752e560a1e0737e31163a466ad7b70a850c19'
[    1.732453] blacklist: Loading compiled-in revocation X.509 certificates
[    1.734359] Loaded X.509 cert 'Canonical Ltd. Secure Boot Signing: 61482aa2830d0ab2ad5af10b7250da9033ddcef0'
[    1.737261] Loaded X.509 cert 'Canonical Ltd. Secure Boot Signing (2017): 242ade75ac4a15e50d50c84b0d45ff3eae707a03'
[    1.740896] Loaded X.509 cert 'Canonical Ltd. Secure Boot Signing (ESM 2018): 365188c1d374d6b07c3c8f240f8ef722433d6a8b'
[    1.744473] Loaded X.509 cert 'Canonical Ltd. Secure Boot Signing (2019): c0746fd6c5da3ae827864651ad66ae47fe24b3e8'
[    1.747531] Loaded X.509 cert 'Canonical Ltd. Secure Boot Signing (2021 v1): a8d54bbb3825cfb94fa13c9f8a594a195c107b8d'
[    1.751274] Loaded X.509 cert 'Canonical Ltd. Secure Boot Signing (2021 v2): 4cf046892d6fd3c9a5b03f98d845f90851dc6a8c'
[    1.755257] Loaded X.509 cert 'Canonical Ltd. Secure Boot Signing (2021 v3): 100437bb6de6e469b581e61cd66bce3ef4ed53af'
[    1.760255] Loaded X.509 cert 'Canonical Ltd. Secure Boot Signing (Ubuntu Core 2019): c1d57b8f6b743f23ee41f4f7ee292f06eecadfb9'
[    1.764195] zswap: loaded using pool lzo/zbud
[    1.772060] Key type big_key registered
[    1.773963] Key type trusted registered
[    1.779423] Key type encrypted registered
[    1.780977] AppArmor: AppArmor sha1 policy hashing enabled
[    1.783406] ima: No TPM chip found, activating TPM-bypass! (rc=-19)
[    1.792140] ima: Allocated hash algorithm: sha1
[    1.794191] evm: HMAC attrs: 0x1
[    1.797054]   Magic number: 0:750:612
[    1.798720] tty tty: hash matches
[    1.808636] rtc_cmos rtc_cmos: setting system clock to 2024-07-26 02:37:29 UTC (1721961449)
[    1.813170] BIOS EDD facility v0.16 2004-Jun-25, 0 devices found
[    1.816558] EDD information not available.
[    1.824483] Freeing unused kernel image memory: 2480K
[    1.836316] Write protecting the kernel read-only data: 20480k
[    1.840841] Freeing unused kernel image memory: 2008K
[    1.844789] Freeing unused kernel image memory: 1820K
[    1.873269] x86/mm: Checked W+X mappings: passed, no W+X pages found.
[    1.876161] x86/mm: Checking user space page tables
[    1.899799] x86/mm: Checked W+X mappings: passed, no W+X pages found.
Loading, please wait...
starting version 237
[    2.118168] Fusion MPT base driver 3.04.20
[    2.120317] Copyright (c) 1999-2008 LSI Corporation
[    2.139660] e1000: Intel(R) PRO/1000 Network Driver - version 7.3.21-k8-NAPI
[    2.143808] e1000: Copyright (c) 1999-2006 Intel Corporation.
[    2.153311] AVX2 version of gcm_enc/dec engaged.
[    2.155470] AES CTR mode by8 optimization enabled
[    2.209084] Fusion MPT SPI Host driver 3.04.20
[    2.372432] input: ImExPS/2 Generic Explorer Mouse as /devices/platform/i8042/serio1/input/input4
[    2.849344] e1000 0000:00:03.0 eth0: (PCI:33MHz:32-bit) 02:3b:7b:b7:3b:2d
[    2.854769] e1000 0000:00:03.0 eth0: Intel(R) PRO/1000 Network Connection
[    2.863929] mptbase: ioc0: Initiating bringup
[    2.874228] e1000 0000:00:03.0 enp0s3: renamed from eth0
[    3.529582] ioc0: LSI53C1030 A0: Capabilities={Initiator}
[    6.546756] scsi host2: ioc0: LSI53C1030 A0, FwRev=00000000h, Ports=1, MaxQ=256, IRQ=20
[    8.931904] scsi 2:0:0:0: Direct-Access     VBOX     HARDDISK         1.0  PQ: 0 ANSI: 5
[    8.972775] scsi target2:0:0: Beginning Domain Validation
[    8.979174] scsi target2:0:0: Domain Validation skipping write tests
[    8.982450] scsi target2:0:0: Ending Domain Validation
[    8.984899] scsi target2:0:0: asynchronous
[    8.987778] scsi 2:0:1:0: Direct-Access     VBOX     HARDDISK         1.0  PQ: 0 ANSI: 5
[   10.508208] scsi target2:0:1: Beginning Domain Validation
[   10.520124] scsi target2:0:1: Domain Validation skipping write tests
[   10.526788] scsi target2:0:1: Ending Domain Validation
[   10.533120] scsi target2:0:1: asynchronous
[   10.564518] sd 2:0:0:0: [sda] 83886080 512-byte logical blocks: (42.9 GB/40.0 GiB)
[   10.565643] sd 2:0:0:0: Attached scsi generic sg0 type 0
[   10.574507] sd 2:0:0:0: [sda] Write Protect is off
[   10.579220] sd 2:0:1:0: Attached scsi generic sg1 type 0
[   10.585972] sd 2:0:0:0: [sda] Incomplete mode parameter data
[   10.589694] sd 2:0:0:0: [sda] Assuming drive cache: write through
[   10.593898] sd 2:0:1:0: [sdb] 20480 512-byte logical blocks: (10.5 MB/10.0 MiB)
[   10.598835] sd 2:0:1:0: [sdb] Write Protect is off
[   10.601797] sd 2:0:1:0: [sdb] Incomplete mode parameter data
[   10.604636] sd 2:0:1:0: [sdb] Assuming drive cache: write through
[   10.607709]  sda: sda1
[   10.619013] sd 2:0:0:0: [sda] Attached SCSI disk
[   10.620781] sd 2:0:1:0: [sdb] Attached SCSI disk
Begin: Loading essential drivers ... [   13.024225] raid6: sse2x1   gen()  3423 MB/s
[   13.072079] raid6: sse2x1   xor()  2504 MB/s
[   13.120092] raid6: sse2x2   gen()  4983 MB/s
[   13.168087] raid6: sse2x2   xor()  3283 MB/s
[   13.216093] raid6: sse2x4   gen()  4648 MB/s
[   13.264166] raid6: sse2x4   xor()  3105 MB/s
[   13.312153] raid6: avx2x1   gen()  6909 MB/s
[   13.360091] raid6: avx2x1   xor()  5615 MB/s
[   13.408165] raid6: avx2x2   gen()  7159 MB/s
[   13.456113] raid6: avx2x2   xor()  4526 MB/s
[   13.504124] raid6: avx2x4   gen()  9683 MB/s
[   13.552097] raid6: avx2x4   xor()  6402 MB/s
[   13.554108] raid6: using algorithm avx2x4 gen() 9683 MB/s
[   13.557311] raid6: .... xor() 6402 MB/s, rmw enabled
[   13.560106] raid6: using avx2x2 recovery algorithm
[   13.566064] xor: automatically using best checksumming function   avx       
[   13.571814] async_tx: api initialized (async)
done.
Begin: Running /scripts/init-premount ... done.
Begin: Mounting root file system ... Begin: Running /scripts/local-top ... done.
Begin: Running /scripts/local-premount ... [   13.718592] Btrfs loaded, crc32c=crc32c-intel
Scanning for Btrfs filesystems
done.
Begin: Will now check root file system ... fsck from util-linux 2.31.1
[/sbin/fsck.ext4 (1) -- /dev/sda1] fsck.ext4 -a -C0 /dev/sda1 
cloudimg-rootfs: recovering journal
cloudimg-rootfs: Clearing orphaned inode 2243 (uid=0, gid=0, mode=0100644, size=64144)
cloudimg-rootfs: clean, 99671/5120000 files, 753973/10485499 blocks
done.
[   13.954921] EXT4-fs (sda1): mounted filesystem with ordered data mode. Opts: (null)
done.
Begin: Running /scripts/local-bottom ... done.
Begin: Running /scripts/init-bottom ... done.
[   14.293739] ip_tables: (C) 2000-2006 Netfilter Core Team
[   14.315746] systemd[1]: systemd 237 running in system mode. (+PAM +AUDIT +SELINUX +IMA +APPARMOR +SMACK +SYSVINIT +UTMP +LIBCRYPTSETUP +GCRYPT +GNUTLS +ACL +XZ +LZ4 +SECCOMP +BLKID +ELFUTILS +KMOD -IDN2 +IDN -PCRE2 default-hierarchy=hybrid)
[   14.326706] systemd[1]: Detected virtualization oracle.
[   14.329089] systemd[1]: Detected architecture x86-64.

Welcome to [1mUbuntu 18.04.6 LTS[0m!

[   14.346948] systemd[1]: Set hostname to <ubuntu-bionic>.
[   15.041980] systemd[1]: Reached target Swap.
[[0;32m  OK  [0m] Reached target Swap.
[   15.046220] systemd[1]: Started Forward Password Requests to Wall Directory Watch.
[[0;32m  OK  [0m] Started Forward Password Requests to Wall Directory Watch.
[   15.053460] systemd[1]: Reached target Mounting snaps.
[[0;32m  OK  [0m] Reached target Mounting snaps.
[   15.059733] systemd[1]: Reached target Mounted snaps.
[[0;32m  OK  [0m] Reached target Mounted snaps.
[   15.066281] systemd[1]: Reached target System Time Synchronized.
[[0;32m  OK  [0m] Reached target System Time Synchronized.
[   15.082142] systemd[1]: Created slice System Slice.
[[0;32m  OK  [0m] Created slice System Slice.
[[0;32m  OK  [0m] Listening on fsck to fsckd communication Socket.
[[0;32m  OK  [0m] Listening on Device-mapper event daemon FIFOs.
[[0;32m  OK  [0m] Listening on Journal Socket.
         Starting Set the console keyboard layout...
         Mounting Kernel Debug File System...
[[0;32m  OK  [0m] Listening on Network Service Netlink Socket.
[[0;32m  OK  [0m] Listening on Syslog Socket.
         Starting Load Kernel Modules...
         Starting Uncomplicated firewall...
[[0;32m  OK  [0m] Reached target User and Group Name Lookups.
[[0;32m  OK  [0m] Created slice system-serial\x2dgetty.slice.
         Starting Remount Root and Kernel File Systems...
[[0;32m  OK  [0m] Set up automount Arbitrary Executabâ€¦rmats File System Automount Point.
         Mounting POSIX Message Queue File System...
[[0;32m  OK  [0m] Listening on LVM2 poll daemon socket.
         Mounting Huge Pages File System...
[[0;32m  OK  [0m] Listening on udev Kernel Socket.
[   15.266255] EXT4-fs (sda1): re-mounted. Opts: (null)
[[0;32m  OK  [0m] Listening on Journal Socket (/dev/log).
[[0;32m  OK  [0m] Created slice system-openvpn.slice.
[[0;32m  OK  [0m] Listening on udev Control Socket.
         Starting udev Coldplug all Devices...
[[0;32m  OK  [0m] Listening on /dev/initctl Compatibility Named Pipe.
[[0;32m  OK  [0m] Listening on Journal Audit Socket.
[[0;32m  OK  [0m] Started ntp-systemd-netif.path.
[   15.290802] Loading iSCSI transport class v2.0-870.
         Starting Journal Service...
         Starting Create list of required stâ€¦ce nodes for the current kernel...
[[0;32m  OK  [0m] Listening on LVM2 metadata daemon socket.
         Starting Monitoring of LVM2 mirrorsâ€¦ng dmeventd or progress polling...
[[0;32m  OK  [0m] Created slice User and Session Slice.
[[0;32m  OK  [0m] Reached target Slices.
[[0;32m  OK  [0m] Mounted Kernel Debug File System.
[[0;32m  OK  [0m] Started Uncomplicated firewall.
[[0;32m  OK  [0m] Started Remount Root and Kernel File Systems.
[[0;32m  OK  [0m] Mounted POSIX Message Queue File System.
[[0;32m  OK  [0m] Mounted Huge Pages File System.
[   15.364738] iscsi: registered transport (tcp)
         Starting Load/Save Random Seed...
[[0;32m  OK  [0m] Started Create list of required staâ€¦vice nodes for the current kernel.
         Starting Create Static Device Nodes in /dev...
[[0;32m  OK  [0m] Started Journal Service.
         Starting Flush Journal to Persistent Storage...
[[0;32m  OK  [0m] Started udev Coldplug all Devices.
[[0;32m  OK  [0m] Started Create Static Device Nodes in /dev.
         Starting udev Kernel Device Manager...
[[0;32m  OK  [0m] Started Load/Save Random Seed.
[   15.650913] systemd-journald[428]: Received request to flush runtime journal from PID 1
[[0;32m  OK  [0m] Started Set the console keyboard layout.
[[0;32m  OK  [0m] Started udev Kernel Device Manager.
[[0;32m  OK  [0m] Started Dispatch Password Requests to Console Directory Watch.
[[0;32m  OK  [0m] Reached target Local Encrypted Volumes.
[[0;32m  OK  [0m] Started LVM2 metadata daemon.
[   15.841319] systemd-journald[428]: File /var/log/journal/7897151b203b4f3c80190117e59b9a38/system.journal corrupted or uncleanly shut down, renaming and replacing.
[[0;32m  OK  [0m] Started Monitoring of LVM2 mirrors,â€¦sing dmeventd or progress polling.
[[0;32m  OK  [0m] Reached target Local File Systems (Pre).
[[0;32m  OK  [0m] Reached target Local File Systems.
         Starting AppArmor initialization...
         Starting ebtables ruleset management...
[   15.903059] iscsi: registered transport (iser)
         Starting Tell Plymouth To Write Out Runtime Data...
         Starting Set console font and keymap...
[[0;32m  OK  [0m] Started Load Kernel Modules.
         Mounting Kernel Configuration File System...
         Starting Apply Kernel Variables...
         Mounting FUSE Control File System...
         Starting netfilter persistent configuration...
[[0;32m  OK  [0m] Started Flush Journal to Persistent Storage.
[[0;32m  OK  [0m] Started Tell Plymouth To Write Out Runtime Data.
[[0;32m  OK  [0m] Started Set console font and keymap.
[[0;32m  OK  [0m] Mounted Kernel Configuration File System.
[[0;32m  OK  [0m] Mounted FUSE Control File System.
         Starting Create Volatile Files and Directories...
[[0;32m  OK  [0m] Started Apply Kernel Variables.
[[0;32m  OK  [0m] Started Create Volatile Files and Directories.
         Starting Update UTMP about System Boot/Shutdown...
         Starting Network Time Synchronization...
         Starting Tell Plymouth To Write Out Runtime Data...
[[0;32m  OK  [0m] Started ebtables ruleset management.
[[0;32m  OK  [0m] Started Tell Plymouth To Write Out Runtime Data.
[[0;32m  OK  [0m] Started Update UTMP about System Boot/Shutdown.
[[0;32m  OK  [0m] Started netfilter persistent configuration.
[[0;32m  OK  [0m] Started Network Time Synchronization.
[[0;32m  OK  [0m] Started AppArmor initialization.
         Starting Initial cloud-init job (pre-networking)...
         Starting Load AppArmor profiles managed internally by snapd...
[[0;32m  OK  [0m] Found device /dev/ttyS0.
         Mounting Arbitrary Executable File Formats File System...
[[0;32m  OK  [0m] Mounted Arbitrary Executable File Formats File System.
[[0;32m  OK  [0m] Started Load AppArmor profiles managed internally by snapd.
[[0;32m  OK  [0m] Listening on Load/Save RF Kill Switch Status /dev/rfkill Watch.
[   20.035803] cloud-init[549]: Cloud-init v. 23.1.2-0ubuntu0~18.04.1 running 'init-local' at Fri, 26 Jul 2024 02:37:47 +0000. Up 19.48 seconds.
[[0;32m  OK  [0m] Started Initial cloud-init job (pre-networking).
[[0;32m  OK  [0m] Reached target Network (Pre).
         Starting Network Service...
[[0;32m  OK  [0m] Started Network Service.
         Starting Network Name Resolution...
         Starting Wait for Network to be Configured...
         Starting Tell Plymouth To Write Out Runtime Data...
[[0;32m  OK  [0m] Started Tell Plymouth To Write Out Runtime Data.
[[0;32m  OK  [0m] Started Network Name Resolution.
[[0;32m  OK  [0m] Reached target Network.
         Starting Tell Plymouth To Write Out Runtime Data...
[[0;32m  OK  [0m] Started Wait for Network to be Configured.
         Starting Initial cloud-init job (metadata service crawler)...
[[0;32m  OK  [0m] Started Tell Plymouth To Write Out Runtime Data.
[   25.062047] cloud-init[725]: Cloud-init v. 23.1.2-0ubuntu0~18.04.1 running 'init' at Fri, 26 Jul 2024 02:37:52 +0000. Up 24.47 seconds.
[   25.065677] cloud-init[725]: ci-info: ++++++++++++++++++++++++++++++++++++++Net device info++++++++++++++++++++++++++++++++++++++
[   25.080515] cloud-init[725]: ci-info: +--------+------+----------------------------+---------------+--------+-------------------+
[   25.083963] cloud-init[725]: ci-info: | Device |  Up  |          Address           |      Mask     | Scope  |     Hw-Address    |
[   25.087365] cloud-init[725]: ci-info: +--------+------+----------------------------+---------------+--------+-------------------+
[   25.091228] cloud-init[725]: ci-info: | enp0s3 | True |         10.0.2.15          | 255.255.255.0 | global | 02:3b:7b:b7:3b:2d |
[   25.094516] cloud-init[725]: ci-info: | enp0s3 | True | fe80::3b:7bff:feb7:3b2d/64 |       .       |  link  | 02:3b:7b:b7:3b:2d |
[   25.097735] cloud-init[725]: ci-info: |   lo   | True |         127.0.0.1          |   255.0.0.0   |  host  |         .         |
[   25.101284] cloud-init[725]: ci-info: |   lo   | True |          ::1/128           |       .       |  host  |         .         |
[   25.105239] cloud-init[725]: ci-info: +--------+------+----------------------------+---------------+--------+-------------------+
[   25.108972] cloud-init[725]: ci-info: ++++++++++++++++++++++++++++Route IPv4 info+++++++++++++++++++++++++++++
[   25.112398] cloud-init[725]: ci-info: +-------+-------------+----------+-----------------+-----------+-------+
[   25.115640] cloud-init[725]: ci-info: | Route | Destination | Gateway  |     Genmask     | Interface | Flags |
[   25.119015] cloud-init[725]: ci-info: +-------+-------------+----------+-----------------+-----------+-------+
[   25.122149] cloud-init[725]: ci-info: |   0   |   0.0.0.0   | 10.0.2.2 |     0.0.0.0     |   enp0s3  |   UG  |
[   25.131583] cloud-init[725]: ci-info: |   1   |   10.0.2.0  | 0.0.0.0  |  255.255.255.0  |   enp0s3  |   U   |
[   25.135711] cloud-init[725]: ci-info: |   2   |   10.0.2.2  | 0.0.0.0  | 255.255.255.255 |   enp0s3  |   UH  |
[   25.139336] cloud-init[725]: ci-info: +-------+-------------+----------+-----------------+-----------+-------+
[   25.142590] cloud-init[725]: ci-info: +++++++++++++++++++Route IPv6 info+++++++++++++++++++
[   25.145768] cloud-init[725]: ci-info: +-------+-------------+---------+-----------+-------+
[   25.148566] cloud-init[725]: ci-info: | Route | Destination | Gateway | Interface | Flags |
[   25.160481] cloud-init[725]: ci-info: +-------+-------------+---------+-----------+-------+
[   25.163622] cloud-init[725]: ci-info: |   1   |  fe80::/64  |    ::   |   enp0s3  |   U   |
[   25.166827] cloud-init[725]: ci-info: |   3   |    local    |    ::   |   enp0s3  |   U   |
[   25.169899] cloud-init[725]: ci-info: |   4   |   ff00::/8  |    ::   |   enp0s3  |   U   |
[   25.176501] cloud-init[725]: ci-info: +-------+-------------+---------+-----------+-------+
[[0;32m  OK  [0m] Started Initial cloud-init job (metadata service crawler).
[[0;32m  OK  [0m] Reached target System Initialization.
[[0;32m  OK  [0m] Listening on D-Bus System Message Bus Socket.
[[0;32m  OK  [0m] Started Daily Cleanup of Temporary Directories.
[[0;32m  OK  [0m] Started ACPI Events Check.
[[0;32m  OK  [0m] Reached target Paths.
[[0;32m  OK  [0m] Listening on cloud-init hotplug hook socket.
[[0;32m  OK  [0m] Started Message of the Day.
[[0;32m  OK  [0m] Listening on ACPID Listen Socket.
         Starting LXD - unix socket.
[[0;32m  OK  [0m] Listening on Open-iSCSI iscsid Socket.
[[0;32m  OK  [0m] Started Daily apt download activities.
[[0;32m  OK  [0m] Started Daily apt upgrade and clean activities.
[[0;32m  OK  [0m] Started Ubuntu Advantage Timer for running repeated jobs.
[[0;32m  OK  [0m] Listening on UUID daemon activation socket.
[[0;32m  OK  [0m] Started Discard unused blocks once a week.
[[0;32m  OK  [0m] Reached target Timers.
         Starting Socket activation for snappy daemon.
[[0;32m  OK  [0m] Reached target Cloud-config availability.
[[0;32m  OK  [0m] Reached target Network is Online.
         Starting Availability of block devices...
[[0;32m  OK  [0m] Reached target Remote File Systems (Pre).
         Mounting /vagrant...
[[0;32m  OK  [0m] Listening on LXD - unix socket.
[[0;32m  OK  [0m] Listening on Socket activation for snappy daemon.
[[0;32m  OK  [0m] Started Availability of block devices.
[[0;32m  OK  [0m] Reached target Sockets.
[[0;32m  OK  [0m] Reached target Basic System.
[[0;32m  OK  [0m] Started D-Bus System Message Bus.
         Starting Login Service...
         Starting LXD - container startup/shutdown...
         Starting Message of the Day...
         Starting LSB: Record successful boot for GRUB...
         Starting System Logging Service...
[[0;32m  OK  [0m] Started ISC DHCP IPv4 server.
         Starting OpenVPN connection to server...
[[0;32m  OK  [0m] Started ISC DHCP IPv6 server.
[[0;32m  OK  [0m] Started irqbalance daemon.
[[0;32m  OK  [0m] Started ntp-systemd-netif.service.
         Starting Snap Daemon...
[[0;32m  OK  [0m] Reached target Login Prompts (Pre).
[[0;32m  OK  [0m] Started BIND Domain Name Server.
[[0;32m  OK  [0m] Reached target Host and Network Name Lookups.
[[0;32m  OK  [0m] Started Regular background program processing daemon.
[[0;32m  OK  [0m] Started FUSE filesystem for LXC.
         Starting Accounts Service...
         Starting Dispatcher daemon for systemd-networkd...
         Starting OpenVPN service...
         Starting OpenBSD Secure Shell server...
[[0;32m  OK  [0m] Started Deferred execution scheduler.
[[0;32m  OK  [0m] Started System Logging Service.
[[0;32m  OK  [0m] Started OpenVPN connection to server.
[[0;32m  OK  [0m] Mounted /vagrant.
[[0;32m  OK  [0m] Started OpenVPN service.
[[0;32m  OK  [0m] Started Login Service.
         Starting Authorization Manager...
[[0;32m  OK  [0m] Started Unattended Upgrades Shutdown.
[[0;32m  OK  [0m] Reached target Remote File Systems.
         Starting LSB: automatic crash report generation...
         Starting Permit User Sessions...
[[0;32m  OK  [0m] Started Permit User Sessions.
         Starting Terminate Plymouth Boot Screen...
         Starting Hold until boot process finishes up...
[[0;32m  OK  [0m] Started Hold until boot process finishes up.
[[0;32m  OK  [0m] Started Serial Getty on ttyS0.
         Starting Set console scheme...
[[0;32m  OK  [0m] Started Terminate Plymouth Boot Screen.
[[0;32m  OK  [0m] Started Set console scheme.
[[0;32m  OK  [0m] Created slice system-getty.slice.
[[0;32m  OK  [0m] Started Getty on tty1.
[[0;32m  OK  [0m] Reached target Login Prompts.
[[0;32m  OK  [0m] Started LXD - container startup/shutdown.
[[0;32m  OK  [0m] Started Authorization Manager.
[[0;32m  OK  [0m] Started Accounts Service.
[[0;32m  OK  [0m] Started LSB: automatic crash report generation.
[[0;32m  OK  [0m] Started LSB: Record successful boot for GRUB.
[[0;32m  OK  [0m] Started OpenBSD Secure Shell server.
[[0;32m  OK  [0m] Started Dispatcher daemon for systemd-networkd.
[[0;32m  OK  [0m] Started Snap Daemon.
         Starting Wait until snapd is fully seeded...
         Starting Time & Date Service...
[[0;32m  OK  [0m] Started Time & Date Service.
[[0;32m  OK  [0m] Started Wait until snapd is fully seeded.
         Starting Apply the settings specified in cloud-config...
[   30.693672] cloud-init[1130]: Cloud-init v. 23.1.2-0ubuntu0~18.04.1 running 'modules:config' at Fri, 26 Jul 2024 02:37:57 +0000. Up 30.29 seconds.
[[0;32m  OK  [0m] Started Apply the settings specified in cloud-config.
[[0;32m  OK  [0m] Reached target Multi-User System.
         Starting Execute cloud user/final scripts...
[[0;32m  OK  [0m] Reached target Graphical Interface.
         Starting Update UTMP about System Runlevel Changes...
[[0;32m  OK  [0m] Started Update UTMP about System Runlevel Changes.
[   32.964396] cloud-init[1165]: Cloud-init v. 23.1.2-0ubuntu0~18.04.1 running 'modules:final' at Fri, 26 Jul 2024 02:38:00 +0000. Up 32.38 seconds.
[   32.968443] cloud-init[1165]: Cloud-init v. 23.1.2-0ubuntu0~18.04.1 finished at Fri, 26 Jul 2024 02:38:00 +0000. Datasource DataSourceNoCloud [seed=/dev/sdb][dsmode=net].  Up 32.92 seconds

Ubuntu 18.04.6 LTS ubuntu-bionic ttyS0

ubuntu-bionic login: 